Archive member included to satisfy reference by file (symbol)

/opt/devkitpro/libtonc/lib/libtonc.a(tonc_input.o)
                              sprite_walk.o (key_poll)
/opt/devkitpro/libtonc/lib/libtonc.a(tonc_oam.o)
                              sprite_walk.o (oam_init)
/opt/devkitpro/libtonc/lib/libtonc.a(tonc_bios.o)
                              /opt/devkitpro/libtonc/lib/libtonc.a(tonc_input.o) (VBlankIntrWait)
/opt/devkitpro/libtonc/lib/libtonc.a(tonc_memcpy.o)
                              sprite_walk.o (memcpy32)
/opt/devkitpro/devkitARM/bin/../lib/gcc/arm-none-eabi/15.1.0/thumb/libgcc.a(_sync_none.o)
                              (__sync_synchronize_none)
/opt/devkitpro/devkitARM/bin/../lib/gcc/arm-none-eabi/15.1.0/../../../../arm-none-eabi/lib/thumb/libg.a(libc_a-init.o)
                              /opt/devkitpro/devkitARM/bin/../lib/gcc/arm-none-eabi/15.1.0/../../../../arm-none-eabi/lib/thumb/gba_crt0.o (__libc_init_array)
/opt/devkitpro/devkitARM/bin/../lib/gcc/arm-none-eabi/15.1.0/../../../../arm-none-eabi/lib/thumb/libsysbase.a(libsysbase_libsysbase_a-malloc_vars.o)
                              /opt/devkitpro/devkitARM/bin/../lib/gcc/arm-none-eabi/15.1.0/../../../../arm-none-eabi/lib/thumb/gba_crt0.o (fake_heap_end)

Discarded input sections

 .text          0x00000000        0x0 /opt/devkitpro/devkitARM/bin/../lib/gcc/arm-none-eabi/15.1.0/../../../../arm-none-eabi/lib/thumb/gba_crt0.o
 .data          0x00000000        0x0 /opt/devkitpro/devkitARM/bin/../lib/gcc/arm-none-eabi/15.1.0/../../../../arm-none-eabi/lib/thumb/gba_crt0.o
 .bss           0x00000000        0x0 /opt/devkitpro/devkitARM/bin/../lib/gcc/arm-none-eabi/15.1.0/../../../../arm-none-eabi/lib/thumb/gba_crt0.o
 .text          0x00000000        0x0 /opt/devkitpro/devkitARM/bin/../lib/gcc/arm-none-eabi/15.1.0/thumb/crti.o
 .data          0x00000000        0x0 /opt/devkitpro/devkitARM/bin/../lib/gcc/arm-none-eabi/15.1.0/thumb/crti.o
 .bss           0x00000000        0x0 /opt/devkitpro/devkitARM/bin/../lib/gcc/arm-none-eabi/15.1.0/thumb/crti.o
 .text          0x00000000        0x0 /opt/devkitpro/devkitARM/bin/../lib/gcc/arm-none-eabi/15.1.0/thumb/crtbegin.o
 .data          0x00000000        0x0 /opt/devkitpro/devkitARM/bin/../lib/gcc/arm-none-eabi/15.1.0/thumb/crtbegin.o
 .bss           0x00000000        0x0 /opt/devkitpro/devkitARM/bin/../lib/gcc/arm-none-eabi/15.1.0/thumb/crtbegin.o
 .rodata.all_implied_fbits
                0x00000000       0x24 /opt/devkitpro/devkitARM/bin/../lib/gcc/arm-none-eabi/15.1.0/thumb/crtbegin.o
 .data.__dso_handle
                0x00000000        0x4 /opt/devkitpro/devkitARM/bin/../lib/gcc/arm-none-eabi/15.1.0/thumb/crtbegin.o
 .text          0x00000000        0x0 map.o
 .data          0x00000000        0x0 map.o
 .bss           0x00000000        0x0 map.o
 .text          0x00000000        0x0 walker.o
 .data          0x00000000        0x0 walker.o
 .bss           0x00000000        0x0 walker.o
 .data          0x00000000        0x0 /opt/devkitpro/libtonc/lib/libtonc.a(tonc_oam.o)
 .bss           0x00000000        0x0 /opt/devkitpro/libtonc/lib/libtonc.a(tonc_oam.o)
 .data          0x00000000        0x0 /opt/devkitpro/libtonc/lib/libtonc.a(tonc_bios.o)
 .bss           0x00000000        0x0 /opt/devkitpro/libtonc/lib/libtonc.a(tonc_bios.o)
 .text          0x00000000       0x44 /opt/devkitpro/libtonc/lib/libtonc.a(tonc_memcpy.o)
 .data          0x00000000        0x0 /opt/devkitpro/libtonc/lib/libtonc.a(tonc_memcpy.o)
 .bss           0x00000000        0x0 /opt/devkitpro/libtonc/lib/libtonc.a(tonc_memcpy.o)
 .text          0x00000000        0x4 /opt/devkitpro/devkitARM/bin/../lib/gcc/arm-none-eabi/15.1.0/thumb/libgcc.a(_sync_none.o)
 .data          0x00000000        0x0 /opt/devkitpro/devkitARM/bin/../lib/gcc/arm-none-eabi/15.1.0/thumb/libgcc.a(_sync_none.o)
 .bss           0x00000000        0x0 /opt/devkitpro/devkitARM/bin/../lib/gcc/arm-none-eabi/15.1.0/thumb/libgcc.a(_sync_none.o)
 .text          0x00000000        0x0 /opt/devkitpro/devkitARM/bin/../lib/gcc/arm-none-eabi/15.1.0/../../../../arm-none-eabi/lib/thumb/libg.a(libc_a-init.o)
 .data          0x00000000        0x0 /opt/devkitpro/devkitARM/bin/../lib/gcc/arm-none-eabi/15.1.0/../../../../arm-none-eabi/lib/thumb/libg.a(libc_a-init.o)
 .bss           0x00000000        0x0 /opt/devkitpro/devkitARM/bin/../lib/gcc/arm-none-eabi/15.1.0/../../../../arm-none-eabi/lib/thumb/libg.a(libc_a-init.o)
 .text          0x00000000        0x0 /opt/devkitpro/devkitARM/bin/../lib/gcc/arm-none-eabi/15.1.0/../../../../arm-none-eabi/lib/thumb/libsysbase.a(libsysbase_libsysbase_a-malloc_vars.o)
 .data          0x00000000        0x0 /opt/devkitpro/devkitARM/bin/../lib/gcc/arm-none-eabi/15.1.0/../../../../arm-none-eabi/lib/thumb/libsysbase.a(libsysbase_libsysbase_a-malloc_vars.o)
 .bss           0x00000000        0x0 /opt/devkitpro/devkitARM/bin/../lib/gcc/arm-none-eabi/15.1.0/../../../../arm-none-eabi/lib/thumb/libsysbase.a(libsysbase_libsysbase_a-malloc_vars.o)
 .bss.fake_heap_start
                0x00000000        0x4 /opt/devkitpro/devkitARM/bin/../lib/gcc/arm-none-eabi/15.1.0/../../../../arm-none-eabi/lib/thumb/libsysbase.a(libsysbase_libsysbase_a-malloc_vars.o)
 .text          0x00000000        0x0 /opt/devkitpro/devkitARM/bin/../lib/gcc/arm-none-eabi/15.1.0/thumb/crtend.o
 .data          0x00000000        0x0 /opt/devkitpro/devkitARM/bin/../lib/gcc/arm-none-eabi/15.1.0/thumb/crtend.o
 .bss           0x00000000        0x0 /opt/devkitpro/devkitARM/bin/../lib/gcc/arm-none-eabi/15.1.0/thumb/crtend.o
 .rodata.all_implied_fbits
                0x00000000       0x24 /opt/devkitpro/devkitARM/bin/../lib/gcc/arm-none-eabi/15.1.0/thumb/crtend.o
 .text          0x00000000        0x0 /opt/devkitpro/devkitARM/bin/../lib/gcc/arm-none-eabi/15.1.0/thumb/crtn.o
 .data          0x00000000        0x0 /opt/devkitpro/devkitARM/bin/../lib/gcc/arm-none-eabi/15.1.0/thumb/crtn.o
 .bss           0x00000000        0x0 /opt/devkitpro/devkitARM/bin/../lib/gcc/arm-none-eabi/15.1.0/thumb/crtn.o

Memory Configuration

Name             Origin             Length             Attributes
rom              0x08000000         0x02000000
iwram            0x03000000         0x00008000
ewram            0x02000000         0x00040000
*default*        0x00000000         0xffffffff

Linker script and memory map

                0x00000000                        __sync_synchronize = __sync_synchronize_none
                0x08000000                        __text_start = ORIGIN (rom)
                0x02040000                        __eheap_end = (ORIGIN (ewram) + LENGTH (ewram))
                0x03000000                        __iwram_start = ORIGIN (iwram)
                0x03008000                        __iwram_top = (ORIGIN (iwram) + LENGTH (iwram))
                0x03007fa0                        __sp_irq = (__iwram_top - 0x60)
                0x03007f00                        __sp_usr = (__sp_irq - 0xa0)
                0x03007ff8                        __irq_flags = 0x3007ff8
                0x08000000                        . = __text_start

.crt0           0x08000000      0x210
 *(.crt0)
 .crt0          0x08000000      0x210 /opt/devkitpro/devkitARM/bin/../lib/gcc/arm-none-eabi/15.1.0/../../../../arm-none-eabi/lib/thumb/gba_crt0.o
                0x08000000                _start
                0x080000c4                __boot_method
                0x080000c5                __slave_number
                0x080000e0                start_vector
                0x08000210                        . = ALIGN (0x4)

.init           0x08000210        0xc
 *(SORT_NONE(.init))
 .init          0x08000210        0x4 /opt/devkitpro/devkitARM/bin/../lib/gcc/arm-none-eabi/15.1.0/thumb/crti.o
                0x08000210                _init
 .init          0x08000214        0x8 /opt/devkitpro/devkitARM/bin/../lib/gcc/arm-none-eabi/15.1.0/thumb/crtn.o

.plt            0x0800021c        0x0
 *(.plt)
                0x0800021c                        . = ALIGN (0x4)

.text           0x0800021c      0x428
 *(EXCLUDE_FILE(*.iwram*) .text*)
 .text.__do_global_dtors_aux
                0x0800021c       0x2c /opt/devkitpro/devkitARM/bin/../lib/gcc/arm-none-eabi/15.1.0/thumb/crtbegin.o
 .text.frame_dummy
                0x08000248       0x24 /opt/devkitpro/devkitARM/bin/../lib/gcc/arm-none-eabi/15.1.0/thumb/crtbegin.o
 .text          0x0800026c       0xb0 sprite_walk.o
                0x0800026c                bg_init
                0x080002bc                sprite_init
 .text.startup  0x0800031c       0xdc sprite_walk.o
                0x0800031c                main
 .text          0x080003f8       0xac /opt/devkitpro/libtonc/lib/libtonc.a(tonc_input.o)
                0x080003f8                key_poll
                0x08000450                key_wait_till_hit
                0x08000474                key_repeat
                0x08000480                key_repeat_mask
                0x08000490                key_repeat_limits
 .text          0x080004a4       0xc0 /opt/devkitpro/libtonc/lib/libtonc.a(tonc_oam.o)
                0x080004a4                oam_init
                0x080004f0                obj_copy
                0x08000510                obj_hide_multi
                0x08000538                obj_unhide_multi
 .text          0x08000564       0x8c /opt/devkitpro/libtonc/lib/libtonc.a(tonc_bios.o)
                0x08000564                SoftReset
                0x08000568                RegisterRamReset
                0x0800056c                Halt
                0x08000570                Stop
                0x08000574                IntrWait
                0x08000578                VBlankIntrWait
                0x0800057c                Div
                0x08000580                DivArm
                0x08000584                Sqrt
                0x08000588                ArcTan
                0x0800058c                ArcTan2
                0x08000590                CpuSet
                0x08000594                CpuFastSet
                0x08000598                BiosCheckSum
                0x0800059c                BgAffineSet
                0x080005a0                ObjAffineSet
                0x080005a4                BitUnPack
                0x080005a8                LZ77UnCompWram
                0x080005ac                LZ77UnCompVram
                0x080005b0                HuffUnComp
                0x080005b4                RLUnCompWram
                0x080005b8                RLUnCompVram
                0x080005bc                Diff8bitUnFilterWram
                0x080005c0                Diff8bitUnFilterVram
                0x080005c4                Diff16bitUnFilter
                0x080005c8                SoundBias
                0x080005cc                SoundDriverInit
                0x080005d0                SoundDriverMode
                0x080005d4                SoundDriverMain
                0x080005d8                SoundDriverVSync
                0x080005dc                SoundChannelClear
                0x080005e0                MidiKey2Freq
                0x080005e4                MultiBoot
                0x080005e8                SoundDriverVSyncOff
                0x080005ec                SoundDriverVSyncOn
 .text.__libc_init_array
                0x080005f0       0x54 /opt/devkitpro/devkitARM/bin/../lib/gcc/arm-none-eabi/15.1.0/../../../../arm-none-eabi/lib/thumb/libg.a(libc_a-init.o)
                0x080005f0                __libc_init_array
 *(.gnu.linkonce.t.*)
 *(.text.*personality*)
 *(.gnu.warning)
 *(.glue_7t)
 .glue_7t       0x08000644        0x0 linker stubs
 *(.glue_7)
 .glue_7        0x08000644        0x0 linker stubs
 *(.vfp11_veneer)
 .vfp11_veneer  0x08000644        0x0 linker stubs
                0x08000644                        . = ALIGN (0x4)
                0x08000644                        __text_end = .

.v4_bx          0x08000644        0x0
 .v4_bx         0x08000644        0x0 linker stubs

.iplt           0x08000644        0x0
 .iplt          0x08000644        0x0 /opt/devkitpro/devkitARM/bin/../lib/gcc/arm-none-eabi/15.1.0/../../../../arm-none-eabi/lib/thumb/gba_crt0.o

.fini           0x08000644        0xc
 *(.fini)
 .fini          0x08000644        0x4 /opt/devkitpro/devkitARM/bin/../lib/gcc/arm-none-eabi/15.1.0/thumb/crti.o
                0x08000644                _fini
 .fini          0x08000648        0x8 /opt/devkitpro/devkitARM/bin/../lib/gcc/arm-none-eabi/15.1.0/thumb/crtn.o
                0x08000650                        . = ALIGN (0x4)

.rodata         0x08000650     0x14a0
 *(.rodata)
 .rodata        0x08000650      0xa60 map.o
                0x08000650                mapTiles
                0x080006b0                mapMap
                0x08000eb0                mapPal
 .rodata        0x080010b0      0xa40 walker.o
                0x080010b0                walkerTiles
                0x080010f0                walkerMap
                0x080018f0                walkerPal
 *all.rodata*(*)
 *(.roda)
 *(.rodata.*)
 *(.gnu.linkonce.r*)
                0x08001af0                        . = ALIGN (0x4)

.ARM.extab
 *(.ARM.extab* .gnu.linkonce.armextab.*)
                0x08001af0                        __exidx_start = .

.ARM.exidx
 *(.ARM.exidx* .gnu.linkonce.armexidx.*)
                0x08001af0                        __exidx_end = .

.ctors          0x08001af0        0x0
 *crtbegin.o(.ctors)
 *(EXCLUDE_FILE(*crtend.o) .ctors)
 *(SORT_BY_NAME(.ctors.*))
 *(.ctors)
                0x08001af0                        . = ALIGN (0x4)

.dtors          0x08001af0        0x0
 *crtbegin.o(.dtors)
 *(EXCLUDE_FILE(*crtend.o) .dtors)
 *(SORT_BY_NAME(.dtors.*))
 *(.dtors)
                0x08001af0                        . = ALIGN (0x4)

.eh_frame       0x08001af0        0x4
 *(.eh_frame)
 .eh_frame      0x08001af0        0x0 /opt/devkitpro/devkitARM/bin/../lib/gcc/arm-none-eabi/15.1.0/thumb/crtbegin.o
 .eh_frame      0x08001af0        0x4 /opt/devkitpro/devkitARM/bin/../lib/gcc/arm-none-eabi/15.1.0/thumb/crtend.o
                0x08001af4                        . = ALIGN (0x4)

.gcc_except_table
                0x08001af4        0x0
 *(.gcc_except_table)
                0x08001af4                        . = ALIGN (0x4)
                0x08001af4                        __iwram_lma = .

.iwram          0x03000000       0x38 load address 0x08001af4
                0x03000000                        __iwram_start__ = ABSOLUTE (.)
 *(.iwram .iwram*)
 .iwram         0x03000000       0x38 /opt/devkitpro/libtonc/lib/libtonc.a(tonc_memcpy.o)
                0x03000000                memcpy32
 *iwram.*(.text* .data*)
                0x03000038                        . = ALIGN (0x4)
                0x03000038                        __iwram_end__ = ABSOLUTE (.)
                0x08001b2c                        __data_lma = (__iwram_lma + SIZEOF (.iwram))

.bss            0x03000038      0x42c
                0x03000038                        __bss_start = ABSOLUTE (.)
                0x03000038                        __bss_start__ = ABSOLUTE (.)
 *(.dynbss)
 *(.gnu.linkonce.b*)
 *(.bss*)
 .bss.completed.1
                0x03000038        0x1 /opt/devkitpro/devkitARM/bin/../lib/gcc/arm-none-eabi/15.1.0/thumb/crtbegin.o
 *fill*         0x03000039        0x3 
 .bss.object.0  0x0300003c       0x18 /opt/devkitpro/devkitARM/bin/../lib/gcc/arm-none-eabi/15.1.0/thumb/crtbegin.o
 .bss           0x03000054      0x408 sprite_walk.o
                0x03000054                palette_bank
                0x03000058                tile_id
                0x0300005c                obj_buffer
 .bss           0x0300045c        0x4 /opt/devkitpro/libtonc/lib/libtonc.a(tonc_input.o)
                0x0300045c                __key_curr
                0x0300045e                __key_prev
 .bss.fake_heap_end
                0x03000460        0x4 /opt/devkitpro/devkitARM/bin/../lib/gcc/arm-none-eabi/15.1.0/../../../../arm-none-eabi/lib/thumb/libsysbase.a(libsysbase_libsysbase_a-malloc_vars.o)
                0x03000460                fake_heap_end
 *(COMMON)
                0x03000464                        . = ALIGN (0x4)
                0x03000464                        __bss_end__ = ABSOLUTE (.)

.data           0x03000464        0xc load address 0x08001b2c
                0x03000464                        __data_start__ = ABSOLUTE (.)
 *(.data*)
 .data          0x03000464        0x4 sprite_walk.o
                0x03000464                walker
 .data          0x03000468        0x8 /opt/devkitpro/libtonc/lib/libtonc.a(tonc_input.o)
                0x03000468                __key_rpt
 *(.gnu.linkonce.d*)
                0x03000470                        . = ALIGN (0x4)
                0x08001b38                        __preinit_lma = (__data_lma + SIZEOF (.data))

.igot.plt       0x03000470        0x0 load address 0x08001b38
 .igot.plt      0x03000470        0x0 /opt/devkitpro/devkitARM/bin/../lib/gcc/arm-none-eabi/15.1.0/../../../../arm-none-eabi/lib/thumb/gba_crt0.o

.preinit_array  0x03000470        0x0 load address 0x08001b38
                0x03000470                        __preinit_array_start = ABSOLUTE (.)
 *(.preinit_array)
                0x03000470                        __preinit_array_end = ABSOLUTE (.)
                0x08001b38                        __init_lma = (__preinit_lma + SIZEOF (.preinit_array))

.init_array     0x03000470        0x4 load address 0x08001b38
                0x03000470                        __init_array_start = ABSOLUTE (.)
 *(SORT_BY_NAME(.init_array.*))
 *(.init_array)
 .init_array    0x03000470        0x4 /opt/devkitpro/devkitARM/bin/../lib/gcc/arm-none-eabi/15.1.0/thumb/crtbegin.o
                0x03000474                        __init_array_end = ABSOLUTE (.)
                0x08001b3c                        __fini_lma = (__init_lma + SIZEOF (.init_array))

.fini_array     0x03000474        0x4 load address 0x08001b3c
                0x03000474                        __fini_array_start = ABSOLUTE (.)
 *(SORT_BY_NAME(.fini_array.*))
 *(.fini_array)
 .fini_array    0x03000474        0x4 /opt/devkitpro/devkitARM/bin/../lib/gcc/arm-none-eabi/15.1.0/thumb/crtbegin.o
                0x03000478                        __fini_array_end = ABSOLUTE (.)
                0x08001b40                        __jcr_lma = (__fini_lma + SIZEOF (.fini_array))

.jcr
 *(.jcr)
                0x03000478                        __data_end__ = ABSOLUTE (.)
                0x08001b40                        __iwram_overlay_lma = (__jcr_lma + SIZEOF (.jcr))
                0x03000478                        __iwram_overlay_start = .

.iwram0         0x03000478        0x0 load address 0x08001b40
 *(.iwram0)
                0x03000478                        . = ALIGN (0x4)
                0x08001b40                        PROVIDE (__load_start_iwram0 = LOADADDR (.iwram0))
                0x08001b40                        PROVIDE (__load_stop_iwram0 = (LOADADDR (.iwram0) + SIZEOF (.iwram0)))

.iwram1         0x03000478        0x0
 *(.iwram1)
                0x03000478                        . = ALIGN (0x4)
                [!provide]                        PROVIDE (__load_start_iwram1 = LOADADDR (.iwram1))
                [!provide]                        PROVIDE (__load_stop_iwram1 = (LOADADDR (.iwram1) + SIZEOF (.iwram1)))

.iwram2         0x03000478        0x0
 *(.iwram2)
                0x03000478                        . = ALIGN (0x4)
                [!provide]                        PROVIDE (__load_start_iwram2 = LOADADDR (.iwram2))
                [!provide]                        PROVIDE (__load_stop_iwram2 = (LOADADDR (.iwram2) + SIZEOF (.iwram2)))

.iwram3         0x03000478        0x0
 *(.iwram3)
                0x03000478                        . = ALIGN (0x4)
                [!provide]                        PROVIDE (__load_start_iwram3 = LOADADDR (.iwram3))
                [!provide]                        PROVIDE (__load_stop_iwram3 = (LOADADDR (.iwram3) + SIZEOF (.iwram3)))

.iwram4         0x03000478        0x0
 *(.iwram4)
                0x03000478                        . = ALIGN (0x4)
                [!provide]                        PROVIDE (__load_start_iwram4 = LOADADDR (.iwram4))
                [!provide]                        PROVIDE (__load_stop_iwram4 = (LOADADDR (.iwram4) + SIZEOF (.iwram4)))

.iwram5         0x03000478        0x0
 *(.iwram5)
                0x03000478                        . = ALIGN (0x4)
                [!provide]                        PROVIDE (__load_start_iwram5 = LOADADDR (.iwram5))
                [!provide]                        PROVIDE (__load_stop_iwram5 = (LOADADDR (.iwram5) + SIZEOF (.iwram5)))

.iwram6         0x03000478        0x0
 *(.iwram6)
                0x03000478                        . = ALIGN (0x4)
                [!provide]                        PROVIDE (__load_start_iwram6 = LOADADDR (.iwram6))
                [!provide]                        PROVIDE (__load_stop_iwram6 = (LOADADDR (.iwram6) + SIZEOF (.iwram6)))

.iwram7         0x03000478        0x0
 *(.iwram7)
                0x03000478                        . = ALIGN (0x4)
                [!provide]                        PROVIDE (__load_start_iwram7 = LOADADDR (.iwram7))
                [!provide]                        PROVIDE (__load_stop_iwram7 = (LOADADDR (.iwram7) + SIZEOF (.iwram7)))

.iwram8         0x03000478        0x0
 *(.iwram8)
                0x03000478                        . = ALIGN (0x4)
                [!provide]                        PROVIDE (__load_start_iwram8 = LOADADDR (.iwram8))
                [!provide]                        PROVIDE (__load_stop_iwram8 = (LOADADDR (.iwram8) + SIZEOF (.iwram8)))

.iwram9         0x03000478        0x0
 *(.iwram9)
                0x03000478                        . = ALIGN (0x4)
                [!provide]                        PROVIDE (__load_start_iwram9 = LOADADDR (.iwram9))
                [!provide]                        PROVIDE (__load_stop_iwram9 = (LOADADDR (.iwram9) + SIZEOF (.iwram9)))
                0x03000478                        __iwram_overlay_end = .
                0x08001b40                        __ewram_lma = (__iwram_overlay_lma + (__iwram_overlay_end - __iwram_overlay_start))
                0x03000478                        __iheap_start = .
                0x02000000                        __ewram_start = ORIGIN (ewram)

.ewram          0x02000000        0x0 load address 0x08001b40
 *(.ewram*)
                0x02000000                        . = ALIGN (0x4)
                0x02000000                        __ewram_end = ABSOLUTE (.)
                0x08001b40                        __pad_lma = (__ewram_lma + SIZEOF (.ewram))

.sbss           0x02000000        0x0
                0x02000000                        __sbss_start__ = ABSOLUTE (.)
 *(.sbss*)
                0x02000000                        . = ALIGN (0x4)
                0x02000000                        __sbss_end__ = ABSOLUTE (.)
                0x02000000                        __end__ = ABSOLUTE (.)
                0x02000000                        __eheap_start = ABSOLUTE (.)

.pad            0x02000000        0x8 load address 0x08001b40
                0x02000000        0x4 LONG 0x52416b64
                0x02000004        0x4 LONG 0x4d
                0x02000008                        . = ALIGN (0x4)
                0x08001b48                        __rom_end__ = (__pad_lma + SIZEOF (.pad))

.rel.dyn        0x02000008        0x0 load address 0x08001b48
 .rel.iplt      0x02000008        0x0 /opt/devkitpro/devkitARM/bin/../lib/gcc/arm-none-eabi/15.1.0/../../../../arm-none-eabi/lib/thumb/gba_crt0.o

.stab
 *(.stab)

.stabstr
 *(.stabstr)

.stab.excl
 *(.stab.excl)

.stab.exclstr
 *(.stab.exclstr)

.stab.index
 *(.stab.index)

.stab.indexstr
 *(.stab.indexstr)

.comment        0x00000000       0x23
 *(.comment)
 .comment       0x00000000       0x23 /opt/devkitpro/devkitARM/bin/../lib/gcc/arm-none-eabi/15.1.0/thumb/crtbegin.o
                                 0x24 (size before relaxing)
 .comment       0x00000023       0x24 sprite_walk.o
 .comment       0x00000023       0x24 /opt/devkitpro/libtonc/lib/libtonc.a(tonc_input.o)
 .comment       0x00000023       0x24 /opt/devkitpro/libtonc/lib/libtonc.a(tonc_oam.o)
 .comment       0x00000023       0x24 /opt/devkitpro/devkitARM/bin/../lib/gcc/arm-none-eabi/15.1.0/../../../../arm-none-eabi/lib/thumb/libg.a(libc_a-init.o)
 .comment       0x00000023       0x24 /opt/devkitpro/devkitARM/bin/../lib/gcc/arm-none-eabi/15.1.0/../../../../arm-none-eabi/lib/thumb/libsysbase.a(libsysbase_libsysbase_a-malloc_vars.o)
 .comment       0x00000023       0x24 /opt/devkitpro/devkitARM/bin/../lib/gcc/arm-none-eabi/15.1.0/thumb/crtend.o

.debug
 *(.debug)

.line
 *(.line)

.debug_srcinfo
 *(.debug_srcinfo)

.debug_sfnames
 *(.debug_sfnames)

.debug_aranges  0x00000000       0x28
 *(.debug_aranges)
 .debug_aranges
                0x00000000       0x28 sprite_walk.o

.debug_pubnames
 *(.debug_pubnames)

.debug_info     0x00000000      0x7a2
 *(.debug_info)
 .debug_info    0x00000000      0x7a2 sprite_walk.o

.debug_abbrev   0x00000000      0x2d5
 *(.debug_abbrev)
 .debug_abbrev  0x00000000      0x2d5 sprite_walk.o

.debug_line     0x00000000      0x380
 *(.debug_line)
 .debug_line    0x00000000      0x380 sprite_walk.o

.debug_frame    0x00000000       0x6c
 *(.debug_frame)
 .debug_frame   0x00000000       0x6c sprite_walk.o

.debug_str      0x00000000      0x390
 *(.debug_str)
 .debug_str     0x00000000      0x390 sprite_walk.o
                                0x3e3 (size before relaxing)

.debug_loc
 *(.debug_loc)

.debug_macinfo
 *(.debug_macinfo)

.debug_weaknames
 *(.debug_weaknames)

.debug_funcnames
 *(.debug_funcnames)

.debug_typenames
 *(.debug_typenames)

.debug_varnames
 *(.debug_varnames)

.stack          0x00080000        0x0
                0x00080000                        _stack = .
 *(.stack)

.note.gnu.arm.ident
 *(.note.gnu.arm.ident)

.ARM.attributes
                0x00000000       0x2c
 *(.ARM.attributes)
 .ARM.attributes
                0x00000000       0x20 /opt/devkitpro/devkitARM/bin/../lib/gcc/arm-none-eabi/15.1.0/../../../../arm-none-eabi/lib/thumb/gba_crt0.o
 .ARM.attributes
                0x00000020       0x1c /opt/devkitpro/devkitARM/bin/../lib/gcc/arm-none-eabi/15.1.0/thumb/crti.o
 .ARM.attributes
                0x0000003c       0x2a /opt/devkitpro/devkitARM/bin/../lib/gcc/arm-none-eabi/15.1.0/thumb/crtbegin.o
 .ARM.attributes
                0x00000066       0x2a sprite_walk.o
 .ARM.attributes
                0x00000090       0x1a map.o
 .ARM.attributes
                0x000000aa       0x1a walker.o
 .ARM.attributes
                0x000000c4       0x2a /opt/devkitpro/libtonc/lib/libtonc.a(tonc_input.o)
 .ARM.attributes
                0x000000ee       0x2a /opt/devkitpro/libtonc/lib/libtonc.a(tonc_oam.o)
 .ARM.attributes
                0x00000118       0x1a /opt/devkitpro/libtonc/lib/libtonc.a(tonc_bios.o)
 .ARM.attributes
                0x00000132       0x1a /opt/devkitpro/libtonc/lib/libtonc.a(tonc_memcpy.o)
 .ARM.attributes
                0x0000014c       0x1c /opt/devkitpro/devkitARM/bin/../lib/gcc/arm-none-eabi/15.1.0/thumb/libgcc.a(_sync_none.o)
 .ARM.attributes
                0x00000168       0x2a /opt/devkitpro/devkitARM/bin/../lib/gcc/arm-none-eabi/15.1.0/../../../../arm-none-eabi/lib/thumb/libg.a(libc_a-init.o)
 .ARM.attributes
                0x00000192       0x2a /opt/devkitpro/devkitARM/bin/../lib/gcc/arm-none-eabi/15.1.0/../../../../arm-none-eabi/lib/thumb/libsysbase.a(libsysbase_libsysbase_a-malloc_vars.o)
 .ARM.attributes
                0x000001bc       0x2a /opt/devkitpro/devkitARM/bin/../lib/gcc/arm-none-eabi/15.1.0/thumb/crtend.o
 .ARM.attributes
                0x000001e6       0x1c /opt/devkitpro/devkitARM/bin/../lib/gcc/arm-none-eabi/15.1.0/thumb/crtn.o

/DISCARD/
 *(.note.GNU-stack)
LOAD /opt/devkitpro/devkitARM/bin/../lib/gcc/arm-none-eabi/15.1.0/../../../../arm-none-eabi/lib/thumb/gba_crt0.o
LOAD /opt/devkitpro/devkitARM/bin/../lib/gcc/arm-none-eabi/15.1.0/thumb/crti.o
LOAD /opt/devkitpro/devkitARM/bin/../lib/gcc/arm-none-eabi/15.1.0/thumb/crtbegin.o
LOAD sprite_walk.o
LOAD map.o
LOAD walker.o
LOAD /opt/devkitpro/libgba/lib/libmm.a
LOAD /opt/devkitpro/libtonc/lib/libtonc.a
START GROUP
LOAD /opt/devkitpro/devkitARM/bin/../lib/gcc/arm-none-eabi/15.1.0/thumb/libgcc.a
LOAD /opt/devkitpro/devkitARM/bin/../lib/gcc/arm-none-eabi/15.1.0/../../../../arm-none-eabi/lib/thumb/libg.a
LOAD /opt/devkitpro/devkitARM/bin/../lib/gcc/arm-none-eabi/15.1.0/../../../../arm-none-eabi/lib/thumb/libc.a
LOAD /opt/devkitpro/devkitARM/bin/../lib/gcc/arm-none-eabi/15.1.0/../../../../arm-none-eabi/lib/thumb/libsysbase.a
END GROUP
LOAD /opt/devkitpro/devkitARM/bin/../lib/gcc/arm-none-eabi/15.1.0/thumb/crtend.o
LOAD /opt/devkitpro/devkitARM/bin/../lib/gcc/arm-none-eabi/15.1.0/thumb/crtn.o
OUTPUT(/home/marcel/GitHub/gba-experiments/sprite_walk/sprite_walk.elf elf32-littlearm)
LOAD linker stubs

.debug_loclists
                0x00000000      0x10e
 .debug_loclists
                0x00000000      0x10e sprite_walk.o

.debug_rnglists
                0x00000000       0x4c
 .debug_rnglists
                0x00000000       0x4c sprite_walk.o
